// Jest Snapshot v1, https://goo.gl/fbAQLP

exports[`SnapShot 1`] = `
<footer
  className="contacts"
>
  <div
    className="contacts-wrapper"
  >
    <p>
      Copyright Â© 2022 Akisheva
    </p>
    <p>
      phone 0977777711
    </p>
    <p>
      Working hours: 9am - 6pm
    </p>
  </div>
</footer>
`;
